********************************************************************************
If you like PlatformIO, please:
- star it on GitHub > https://github.com/platformio/platformio-core
- follow us on LinkedIn to stay up-to-date on the latest project news > https://www.linkedin.com/company/platformio/
- try PlatformIO IDE for embedded development > https://platformio.org/platformio-ide
********************************************************************************

Processing wifi_s3 (board: esp32-s3-devkitc-1; platform: https://github.com/platformio/platform-espressif32.git; framework: arduino)
--------------------------------------------------------------------------------
Platform Manager: Installing git+https://github.com/platformio/platform-espressif32.git
git version 2.51.2
Cloning into '/home/runner/.platformio/.cache/tmp/pkg-installing-jc0_nt7j'...
Platform Manager: espressif32@6.12.0+sha.3c07680 has been installed!
Tool Manager: Installing espressif/toolchain-xtensa-esp32s3 @ 8.4.0+2021r2-patch5
Downloading 0% 10% 20% 30% 40% 50% 60% 70% 80% 90% 100%
Unpacking 0% 10% 20% 30% 40% 50% 60% 70% 80% 90% 100%
Tool Manager: toolchain-xtensa-esp32s3@8.4.0+2021r2-patch5 has been installed!
Tool Manager: Installing espressif/toolchain-riscv32-esp @ 8.4.0+2021r2-patch5
Downloading 0% 10% 20% 30% 40% 50% 60% 70% 80% 90% 100%
Unpacking 0% 10% 20% 30% 40% 50% 60% 70% 80% 90% 100%
Tool Manager: toolchain-riscv32-esp@8.4.0+2021r2-patch5 has been installed!
Tool Manager: Installing platformio/framework-arduinoespressif32 @ ^3.20016.0
Downloading 0% 10% 20% 30% 40% 50% 60% 70% 80% 90% 100%
Unpacking 0% 10% 20% 30% 40% 50% 60% 70% 80% 90% 100%
Tool Manager: framework-arduinoespressif32@3.20017.241212+sha.dcc1105b has been installed!
Tool Manager: Installing platformio/tool-esptoolpy @ ~2.40900.0
Downloading 0% 10% 20% 30% 40% 50% 60% 70% 80% 90% 100%
Unpacking 0% 10% 20% 30% 40% 50% 60% 70% 80% 90% 100%
Collecting cryptography~=45.0.3
  Downloading cryptography-45.0.7-cp311-abi3-manylinux_2_34_x86_64.whl.metadata (5.7 kB)
Collecting ecdsa~=0.19.1
  Downloading ecdsa-0.19.1-py2.py3-none-any.whl.metadata (29 kB)
Collecting bitstring~=4.3.1
  Downloading bitstring-4.3.1-py3-none-any.whl.metadata (5.3 kB)
Collecting reedsolo~=1.7.0
  Downloading reedsolo-1.7.0-py3-none-any.whl.metadata (23 kB)
Collecting intelhex~=2.3.0
  Downloading intelhex-2.3.0-py2.py3-none-any.whl.metadata (2.7 kB)
Collecting cffi>=1.14 (from cryptography~=45.0.3)
  Downloading cffi-2.0.0-cp312-cp312-manylinux2014_x86_64.manylinux_2_17_x86_64.whl.metadata (2.6 kB)
Collecting six>=1.9.0 (from ecdsa~=0.19.1)
  Downloading six-1.17.0-py2.py3-none-any.whl.metadata (1.7 kB)
Collecting bitarray<4.0,>=3.0.0 (from bitstring~=4.3.1)
  Downloading bitarray-3.8.0-cp312-cp312-manylinux2014_x86_64.manylinux_2_17_x86_64.manylinux_2_28_x86_64.whl.metadata (34 kB)
Collecting pycparser (from cffi>=1.14->cryptography~=45.0.3)
  Downloading pycparser-2.23-py3-none-any.whl.metadata (993 bytes)
Downloading cryptography-45.0.7-cp311-abi3-manylinux_2_34_x86_64.whl (4.5 MB)
   ━━━━━━━━━━━━━━━━━━━━━━━━━━━━━━━━━━━━━━━━ 4.5/4.5 MB 7.4 MB/s eta 0:00:00
Downloading ecdsa-0.19.1-py2.py3-none-any.whl (150 kB)
   ━━━━━━━━━━━━━━━━━━━━━━━━━━━━━━━━━━━━━━━━ 150.6/150.6 kB 39.4 MB/s eta 0:00:00
Downloading bitstring-4.3.1-py3-none-any.whl (71 kB)
   ━━━━━━━━━━━━━━━━━━━━━━━━━━━━━━━━━━━━━━━━ 71.9/71.9 kB 25.7 MB/s eta 0:00:00
Downloading reedsolo-1.7.0-py3-none-any.whl (32 kB)
Downloading intelhex-2.3.0-py2.py3-none-any.whl (50 kB)
   ━━━━━━━━━━━━━━━━━━━━━━━━━━━━━━━━━━━━━━━━ 50.9/50.9 kB 15.8 MB/s eta 0:00:00
Downloading bitarray-3.8.0-cp312-cp312-manylinux2014_x86_64.manylinux_2_17_x86_64.manylinux_2_28_x86_64.whl (340 kB)
   ━━━━━━━━━━━━━━━━━━━━━━━━━━━━━━━━━━━━━━━━ 340.3/340.3 kB 40.1 MB/s eta 0:00:00
Downloading cffi-2.0.0-cp312-cp312-manylinux2014_x86_64.manylinux_2_17_x86_64.whl (219 kB)
   ━━━━━━━━━━━━━━━━━━━━━━━━━━━━━━━━━━━━━━━━ 219.6/219.6 kB 52.5 MB/s eta 0:00:00
Downloading six-1.17.0-py2.py3-none-any.whl (11 kB)
Downloading pycparser-2.23-py3-none-any.whl (118 kB)
   ━━━━━━━━━━━━━━━━━━━━━━━━━━━━━━━━━━━━━━━━ 118.1/118.1 kB 42.1 MB/s eta 0:00:00
Installing collected packages: reedsolo, intelhex, bitarray, six, pycparser, bitstring, ecdsa, cffi, cryptography
Successfully installed bitarray-3.8.0 bitstring-4.3.1 cffi-2.0.0 cryptography-45.0.7 ecdsa-0.19.1 intelhex-2.3.0 pycparser-2.23 reedsolo-1.7.0 six-1.17.0
Tool Manager: tool-esptoolpy@2.40900.250804 has been installed!
Tool Manager: Installing platformio/tool-openocd-esp32 @ ~2.1100.0
Downloading 0% 10% 20% 30% 40% 50% 60% 70% 80% 90% 100%
Unpacking 0% 10% 20% 30% 40% 50% 60% 70% 80% 90% 100%
Tool Manager: tool-openocd-esp32@2.1100.20220706 has been installed!
Tool Manager: Installing platformio/tool-scons @ ~4.40801.0
Downloading 0% 10% 20% 30% 40% 50% 60% 70% 80% 90% 100%
Unpacking 0% 10% 20% 30% 40% 50% 60% 70% 80% 90% 100%
Tool Manager: tool-scons@4.40801.0 has been installed!
Library Manager: Installing thingpulse/ESP8266 and ESP32 OLED driver for SSD1306 displays @ 4.4.1
Downloading 0% 10% 20% 30% 40% 50% 60% 70% 80%
Unpacking 0% 10% 20% 30% 40% 50% 60% 70% 80% 90% 100%
Library Manager: ESP8266 and ESP32 OLED driver for SSD1306 displays@4.4.1 has been installed!
Library Manager: Installing adafruit/Adafruit NeoPixel
Downloading 0% 10% 20% 30% 40% 50% 60% 70% 80%
Unpacking 0% 10% 20% 30% 40% 50% 60% 70% 80% 90% 100%
Library Manager: Adafruit NeoPixel@1.15.2 has been installed!
Library Manager: Installing git+https://github.com/MitchBradley/arduinoWebSockets#canSend
git version 2.51.2
Cloning into '/home/runner/.platformio/.cache/tmp/pkg-installing-cp461_1i'...
Library Manager: arduinoWebSockets@2.4.1+sha.5713ffb has been installed!
Library Manager: Installing git+https://github.com/MitchBradley/WiFi#canWrite
git version 2.51.2
Cloning into '/home/runner/.platformio/.cache/tmp/pkg-installing-8h_dak3j'...
Library Manager: WiFi@2.0.0+sha.47668f6 has been installed!
Verbose mode can be enabled via `-v, --verbose` option
CONFIGURATION: https://docs.platformio.org/page/boards/espressif32/esp32-s3-devkitc-1.html
PLATFORM: Espressif 32 (6.12.0+sha.3c07680) > Espressif ESP32-S3-DevKitC-1-N8 (8 MB QD, No PSRAM)
HARDWARE: ESP32S3 240MHz, 320KB RAM, 8MB Flash
DEBUG: Current (esp-builtin) On-board (esp-builtin) External (cmsis-dap, esp-bridge, esp-prog, iot-bus-jtag, jlink, minimodule, olimex-arm-usb-ocd, olimex-arm-usb-ocd-h, olimex-arm-usb-tiny-h, olimex-jtag-tiny, tumpa)
PACKAGES: 
 - framework-arduinoespressif32 @ 3.20017.241212+sha.dcc1105b 
 - tool-esptoolpy @ 2.40900.250804 (4.9.0) 
 - tool-openocd-esp32 @ 2.1100.20220706 (11.0) 
 - toolchain-riscv32-esp @ 8.4.0+2021r2-patch5 
 - toolchain-xtensa-esp32s3 @ 8.4.0+2021r2-patch5
LDF: Library Dependency Finder -> https://bit.ly/configure-pio-ldf
LDF Modes: Finder ~ chain, Compatibility ~ soft
Library Manager: Installing TMCStepper @ >=0.7.0,<1.0.0
Downloading 0% 10% 20% 30% 40% 50% 60% 70% 80% 90% 100%
Unpacking 0% 10% 20% 30% 40% 50% 60% 70% 80% 90% 100%
Library Manager: TMCStepper@0.7.3 has been installed!
Found 39 compatible libraries
Scanning dependencies...
Dependency Graph
|-- TMCStepper @ 0.7.3
|-- ESP8266 and ESP32 OLED driver for SSD1306 displays @ 4.4.1
|-- Adafruit NeoPixel @ 1.15.2
|-- WebSockets @ 2.4.1+sha.5713ffb
|-- WiFi @ 2.0.0+sha.47668f6
|-- FS @ 2.0.0
|-- Wire @ 2.0.0
|-- Update @ 2.0.0
|-- WiFiClientSecure @ 2.0.0
|-- ESPmDNS @ 2.0.0
|-- WebServer @ 2.0.0
|-- DNSServer @ 2.0.0
|-- ESP32SSPD @ 1.0
|-- ArduinoOTA @ 2.0.0
|-- BluetoothSerial @ 2.0.0
Building in debug mode
Compiling .pio/build/wifi_s3/src/esp32/PwmPin.cpp.o
Compiling .pio/build/wifi_s3/src/esp32/StepTimer.cpp.o
Compiling .pio/build/wifi_s3/src/esp32/delay_usecs.cpp.o
Compiling .pio/build/wifi_s3/src/esp32/gpio.cpp.o
Compiling .pio/build/wifi_s3/src/esp32/i2c.cpp.o
Compiling .pio/build/wifi_s3/src/esp32/littlefs.cpp.o
Compiling .pio/build/wifi_s3/src/esp32/localfs.cpp.o
Compiling .pio/build/wifi_s3/src/esp32/sdspi.cpp.o
Compiling .pio/build/wifi_s3/src/esp32/spi.cpp.o
Compiling .pio/build/wifi_s3/src/esp32/spiffs.cpp.o
Compiling .pio/build/wifi_s3/src/esp32/tmc_spi.cpp.o
Compiling .pio/build/wifi_s3/src/esp32/tmc_spi_support.c.o
Compiling .pio/build/wifi_s3/src/esp32/wdt.cpp.o
Compiling .pio/build/wifi_s3/src/src/Channel.cpp.o
Compiling .pio/build/wifi_s3/src/src/Configuration/AfterParse.cpp.o
Compiling .pio/build/wifi_s3/src/src/Configuration/Completer.cpp.o
Compiling .pio/build/wifi_s3/src/src/Configuration/Generator.cpp.o
Compiling .pio/build/wifi_s3/src/src/Configuration/JsonGenerator.cpp.o
Compiling .pio/build/wifi_s3/src/src/Configuration/LegacySettingRegistry.cpp.o
Compiling .pio/build/wifi_s3/src/src/Configuration/Parser.cpp.o
Compiling .pio/build/wifi_s3/src/src/Configuration/RuntimeSetting.cpp.o
Compiling .pio/build/wifi_s3/src/src/Configuration/Tokenizer.cpp.o
Compiling .pio/build/wifi_s3/src/src/Configuration/Validator.cpp.o
Compiling .pio/build/wifi_s3/src/src/Control.cpp.o
Compiling .pio/build/wifi_s3/src/src/CoolantControl.cpp.o
Compiling .pio/build/wifi_s3/src/src/CustomCode.cpp.o
Compiling .pio/build/wifi_s3/src/src/Error.cpp.o
Compiling .pio/build/wifi_s3/src/src/Extenders/Extenders.cpp.o
Compiling .pio/build/wifi_s3/src/src/Extenders/I2CPinExtenderBase.cpp.o
Compiling .pio/build/wifi_s3/src/src/Extenders/PCA9535_9555.cpp.o
Compiling .pio/build/wifi_s3/src/src/Extenders/PCA9539.cpp.o
Compiling .pio/build/wifi_s3/src/src/Extenders/PinExtenderDriver.cpp.o
Compiling .pio/build/wifi_s3/src/src/FileStream.cpp.o
Compiling .pio/build/wifi_s3/src/src/FluidPath.cpp.o
Compiling .pio/build/wifi_s3/src/src/GCode.cpp.o
Compiling .pio/build/wifi_s3/src/src/HashFS.cpp.o
Compiling .pio/build/wifi_s3/src/src/I2SOut.cpp.o
Compiling .pio/build/wifi_s3/src/src/InputFile.cpp.o
Compiling .pio/build/wifi_s3/src/src/Jog.cpp.o
Compiling .pio/build/wifi_s3/src/src/Kinematics/Cartesian.cpp.o
Compiling .pio/build/wifi_s3/src/src/Kinematics/CoreXY.cpp.o
Compiling .pio/build/wifi_s3/src/src/Kinematics/Kinematics.cpp.o
Compiling .pio/build/wifi_s3/src/src/Kinematics/MaslowKinematics.cpp.o
Compiling .pio/build/wifi_s3/src/src/Kinematics/Midtbot.cpp.o
Compiling .pio/build/wifi_s3/src/src/Kinematics/WallPlotter.cpp.o
Compiling .pio/build/wifi_s3/src/src/Limits.cpp.o
Compiling .pio/build/wifi_s3/src/src/Listeners/RGBLed.cpp.o
Compiling .pio/build/wifi_s3/src/src/Logging.cpp.o
Compiling .pio/build/wifi_s3/src/src/Machine/Axes.cpp.o
Compiling .pio/build/wifi_s3/src/src/Machine/Axis.cpp.o
Compiling .pio/build/wifi_s3/src/src/Machine/EventPin.cpp.o
Compiling .pio/build/wifi_s3/src/src/Machine/Homing.cpp.o
Compiling .pio/build/wifi_s3/src/src/Machine/I2CBus.cpp.o
Compiling .pio/build/wifi_s3/src/src/Machine/I2SOBus.cpp.o
Compiling .pio/build/wifi_s3/src/src/Machine/LimitPin.cpp.o
Compiling .pio/build/wifi_s3/src/src/Machine/MachineConfig.cpp.o
Compiling .pio/build/wifi_s3/src/src/Machine/Macros.cpp.o
Compiling .pio/build/wifi_s3/src/src/Machine/Motor.cpp.o
Compiling .pio/build/wifi_s3/src/src/Machine/SPIBus.cpp.o
Compiling .pio/build/wifi_s3/src/src/Machine/UserOutputs.cpp.o
Compiling .pio/build/wifi_s3/src/src/Main.cpp.o
Compiling .pio/build/wifi_s3/src/src/Maslow/AS5600.cpp.o
Compiling .pio/build/wifi_s3/src/src/Maslow/Calibration.cpp.o
Compiling .pio/build/wifi_s3/src/src/Maslow/DCMotor.cpp.o
Compiling .pio/build/wifi_s3/src/src/Maslow/Maslow.cpp.o
Compiling .pio/build/wifi_s3/src/src/Maslow/MiniPID.cpp.o
Compiling .pio/build/wifi_s3/src/src/Maslow/MotorUnit.cpp.o
Compiling .pio/build/wifi_s3/src/src/Maslow/SparkFun_I2C_Mux_Arduino_Library.cpp.o
Compiling .pio/build/wifi_s3/src/src/Maslow/SquareCalculation.cpp.o
Compiling .pio/build/wifi_s3/src/src/MotionControl.cpp.o
Compiling .pio/build/wifi_s3/src/src/Motors/Dynamixel2.cpp.o
Compiling .pio/build/wifi_s3/src/src/Motors/MotorDriver.cpp.o
Compiling .pio/build/wifi_s3/src/src/Motors/NullMotor.cpp.o
Compiling .pio/build/wifi_s3/src/src/Motors/RcServo.cpp.o
Compiling .pio/build/wifi_s3/src/src/Motors/Servo.cpp.o
Compiling .pio/build/wifi_s3/src/src/Motors/Solenoid.cpp.o
Compiling .pio/build/wifi_s3/src/src/Motors/StandardStepper.cpp.o
Compiling .pio/build/wifi_s3/src/src/Motors/StepStick.cpp.o
Compiling .pio/build/wifi_s3/src/src/Motors/TMC2130Driver.cpp.o
Compiling .pio/build/wifi_s3/src/src/Motors/TMC2160ProDriver.cpp.o
Compiling .pio/build/wifi_s3/src/src/Motors/TMC2208Driver.cpp.o
Compiling .pio/build/wifi_s3/src/src/Motors/TMC2209Driver.cpp.o
Compiling .pio/build/wifi_s3/src/src/Motors/TMC5160Driver.cpp.o
Compiling .pio/build/wifi_s3/src/src/Motors/TMC5160ProDriver.cpp.o
Compiling .pio/build/wifi_s3/src/src/Motors/TrinamicBase.cpp.o
Compiling .pio/build/wifi_s3/src/src/Motors/TrinamicSpiDriver.cpp.o
Compiling .pio/build/wifi_s3/src/src/Motors/TrinamicUartDriver.cpp.o
Compiling .pio/build/wifi_s3/src/src/Motors/UnipolarMotor.cpp.o
Compiling .pio/build/wifi_s3/src/src/NutsBolts.cpp.o
Compiling .pio/build/wifi_s3/src/src/OLED.cpp.o
Compiling .pio/build/wifi_s3/src/src/Parking.cpp.o
Compiling .pio/build/wifi_s3/src/src/Pin.cpp.o
Compiling .pio/build/wifi_s3/src/src/PinMapper.cpp.o
Compiling .pio/build/wifi_s3/src/src/Pins/DebugPinDetail.cpp.o
Compiling .pio/build/wifi_s3/src/src/Pins/ErrorPinDetail.cpp.o
Compiling .pio/build/wifi_s3/src/src/Pins/ExtPinDetail.cpp.o
Compiling .pio/build/wifi_s3/src/src/Pins/GPIOPinDetail.cpp.o
Compiling .pio/build/wifi_s3/src/src/Pins/I2SOPinDetail.cpp.o
Compiling .pio/build/wifi_s3/src/src/Pins/PinAttributes.cpp.o
Compiling .pio/build/wifi_s3/src/src/Pins/PinCapabilities.cpp.o
Compiling .pio/build/wifi_s3/src/src/Pins/PinDetail.cpp.o
Compiling .pio/build/wifi_s3/src/src/Pins/PinOptionsParser.cpp.o
Compiling .pio/build/wifi_s3/src/src/Pins/VoidPinDetail.cpp.o
Compiling .pio/build/wifi_s3/src/src/Planner.cpp.o
Compiling .pio/build/wifi_s3/src/src/Probe.cpp.o
Compiling .pio/build/wifi_s3/src/src/ProcessSettings.cpp.o
Compiling .pio/build/wifi_s3/src/src/Protocol.cpp.o
Compiling .pio/build/wifi_s3/src/src/Regex.cpp.o
Compiling .pio/build/wifi_s3/src/src/Report.cpp.o
Compiling .pio/build/wifi_s3/src/src/SDCard.cpp.o
Compiling .pio/build/wifi_s3/src/src/SSD1306_I2C.cpp.o
Compiling .pio/build/wifi_s3/src/src/Serial.cpp.o
Compiling .pio/build/wifi_s3/src/src/Settings.cpp.o
Compiling .pio/build/wifi_s3/src/src/SettingsDefinitions.cpp.o
Compiling .pio/build/wifi_s3/src/src/Spindles/10vSpindle.cpp.o
Compiling .pio/build/wifi_s3/src/src/Spindles/BESCSpindle.cpp.o
Compiling .pio/build/wifi_s3/src/src/Spindles/DacSpindle.cpp.o
Compiling .pio/build/wifi_s3/src/src/Spindles/H100Spindle.cpp.o
Compiling .pio/build/wifi_s3/src/src/Spindles/H2ASpindle.cpp.o
Compiling .pio/build/wifi_s3/src/src/Spindles/HBridgeSpindle.cpp.o
Compiling .pio/build/wifi_s3/src/src/Spindles/HuanyangSpindle.cpp.o
Compiling .pio/build/wifi_s3/src/src/Spindles/Laser.cpp.o
Compiling .pio/build/wifi_s3/src/src/Spindles/NowForeverSpindle.cpp.o
Compiling .pio/build/wifi_s3/src/src/Spindles/NullSpindle.cpp.o
Compiling .pio/build/wifi_s3/src/src/Spindles/OnOffSpindle.cpp.o
Compiling .pio/build/wifi_s3/src/src/Spindles/PWMSpindle.cpp.o
Compiling .pio/build/wifi_s3/src/src/Spindles/RelaySpindle.cpp.o
Compiling .pio/build/wifi_s3/src/src/Spindles/Spindle.cpp.o
Compiling .pio/build/wifi_s3/src/src/Spindles/VFDSpindle.cpp.o
Compiling .pio/build/wifi_s3/src/src/Spindles/YL620Spindle.cpp.o
Compiling .pio/build/wifi_s3/src/src/StackTrace/AssertionFailed.cpp.o
Compiling .pio/build/wifi_s3/src/src/StartupLog.cpp.o
Compiling .pio/build/wifi_s3/src/src/Stepper.cpp.o
Compiling .pio/build/wifi_s3/src/src/Stepping.cpp.o
Compiling .pio/build/wifi_s3/src/src/System.cpp.o
Compiling .pio/build/wifi_s3/src/src/USBCDCChannel.cpp.o
Compiling .pio/build/wifi_s3/src/src/Uart.cpp.o
Compiling .pio/build/wifi_s3/src/src/UartChannel.cpp.o
Compiling .pio/build/wifi_s3/src/src/WebUI/Authentication.cpp.o
Compiling .pio/build/wifi_s3/src/src/WebUI/AutoUpdate.cpp.o
Compiling .pio/build/wifi_s3/src/src/WebUI/BTConfig.cpp.o
Compiling .pio/build/wifi_s3/src/src/WebUI/Commands.cpp.o
Compiling .pio/build/wifi_s3/src/src/WebUI/InputBuffer.cpp.o
Compiling .pio/build/wifi_s3/src/src/WebUI/JSONEncoder.cpp.o
Compiling .pio/build/wifi_s3/src/src/WebUI/NotificationsService.cpp.o
Compiling .pio/build/wifi_s3/src/src/WebUI/TelnetClient.cpp.o
Compiling .pio/build/wifi_s3/src/src/WebUI/TelnetServer.cpp.o
Compiling .pio/build/wifi_s3/src/src/WebUI/WSChannel.cpp.o
Compiling .pio/build/wifi_s3/src/src/WebUI/WebClient.cpp.o
Compiling .pio/build/wifi_s3/src/src/WebUI/WebServer.cpp.o
Compiling .pio/build/wifi_s3/src/src/WebUI/WebSettings.cpp.o
Compiling .pio/build/wifi_s3/src/src/WebUI/WifiConfig.cpp.o
Compiling .pio/build/wifi_s3/src/src/WebUI/WifiServices.cpp.o
Compiling .pio/build/wifi_s3/src/src/lineedit.cpp.o
Compiling .pio/build/wifi_s3/src/src/version.cpp.o
FluidNC/src/version.cpp:4:2: warning: #warning "76c6dc1-dirty is not a tagged version, this should not be a release" [-Wcpp]
 #warning "76c6dc1-dirty is not a tagged version, this should not be a release"
  ^~~~~~~
Compiling .pio/build/wifi_s3/src/src/xmodem.cpp.o
Compiling .pio/build/wifi_s3/src/stdfs/fluidnc_vfs_ops.cpp.o
Compiling .pio/build/wifi_s3/src/stdfs/std-dir.cpp.o
Compiling .pio/build/wifi_s3/src/stdfs/std-ops.cpp.o
Compiling .pio/build/wifi_s3/src/stdfs/std-path.cpp.o
Building .pio/build/wifi_s3/bootloader.bin
esptool.py v4.9.0
Creating esp32s3 image...
Merged 1 ELF section
Successfully created esp32s3 image.
Generating partitions .pio/build/wifi_s3/partitions.bin
Compiling .pio/build/wifi_s3/lib30b/SPI/SPI.cpp.o
Compiling .pio/build/wifi_s3/libf6a/TMCStepper/source/CHOPCONF.cpp.o
Archiving .pio/build/wifi_s3/lib30b/libSPI.a
Indexing .pio/build/wifi_s3/lib30b/libSPI.a
Compiling .pio/build/wifi_s3/libf6a/TMCStepper/source/COOLCONF.cpp.o
Compiling .pio/build/wifi_s3/libf6a/TMCStepper/source/DRVCONF.cpp.o
Compiling .pio/build/wifi_s3/libf6a/TMCStepper/source/DRVCTRL.cpp.o
Compiling .pio/build/wifi_s3/libf6a/TMCStepper/source/DRVSTATUS.cpp.o
Compiling .pio/build/wifi_s3/libf6a/TMCStepper/source/DRV_CONF.cpp.o
Compiling .pio/build/wifi_s3/libf6a/TMCStepper/source/DRV_STATUS.cpp.o
Compiling .pio/build/wifi_s3/libf6a/TMCStepper/source/ENCMODE.cpp.o
Compiling .pio/build/wifi_s3/libf6a/TMCStepper/source/GCONF.cpp.o
Compiling .pio/build/wifi_s3/libf6a/TMCStepper/source/IHOLD_IRUN.cpp.o
Compiling .pio/build/wifi_s3/libf6a/TMCStepper/source/PWMCONF.cpp.o
Compiling .pio/build/wifi_s3/libf6a/TMCStepper/source/RAMP_STAT.cpp.o
Compiling .pio/build/wifi_s3/libf6a/TMCStepper/source/SERIAL_SWITCH.cpp.o
Compiling .pio/build/wifi_s3/libf6a/TMCStepper/source/SGCSCONF.cpp.o
Compiling .pio/build/wifi_s3/libf6a/TMCStepper/source/SHORT_CONF.cpp.o
Compiling .pio/build/wifi_s3/libf6a/TMCStepper/source/SMARTEN.cpp.o
Compiling .pio/build/wifi_s3/libf6a/TMCStepper/source/SW_MODE.cpp.o
Compiling .pio/build/wifi_s3/libf6a/TMCStepper/source/SW_SPI.cpp.o
Compiling .pio/build/wifi_s3/libf6a/TMCStepper/source/TMC2130Stepper.cpp.o
Compiling .pio/build/wifi_s3/libf6a/TMCStepper/source/TMC2160Stepper.cpp.o
Compiling .pio/build/wifi_s3/libf6a/TMCStepper/source/TMC2208Stepper.cpp.o
Compiling .pio/build/wifi_s3/libf6a/TMCStepper/source/TMC2209Stepper.cpp.o
Compiling .pio/build/wifi_s3/libf6a/TMCStepper/source/TMC2660Stepper.cpp.o
Compiling .pio/build/wifi_s3/libf6a/TMCStepper/source/TMC5130Stepper.cpp.o
Compiling .pio/build/wifi_s3/libf6a/TMCStepper/source/TMC5160Stepper.cpp.o
Compiling .pio/build/wifi_s3/libf6a/TMCStepper/source/TMCStepper.cpp.o
Compiling .pio/build/wifi_s3/libf6a/TMCStepper/source/bcm2835_spi.cpp.o
Compiling .pio/build/wifi_s3/libf6a/TMCStepper/source/bcm2835_stream.cpp.o
Compiling .pio/build/wifi_s3/libb95/ESP8266 and ESP32 OLED driver for SSD1306 displays/OLEDDisplay.cpp.o
Compiling .pio/build/wifi_s3/libb95/ESP8266 and ESP32 OLED driver for SSD1306 displays/OLEDDisplayUi.cpp.o
Compiling .pio/build/wifi_s3/lib3ab/Adafruit NeoPixel/Adafruit_NeoPixel.cpp.o
Archiving .pio/build/wifi_s3/libf6a/libTMCStepper.a
Indexing .pio/build/wifi_s3/libf6a/libTMCStepper.a
Compiling .pio/build/wifi_s3/lib3ab/Adafruit NeoPixel/Adafruit_Neopixel_RP2.cpp.o
Compiling .pio/build/wifi_s3/lib3ab/Adafruit NeoPixel/esp.c.o
Compiling .pio/build/wifi_s3/lib3ab/Adafruit NeoPixel/esp8266.c.o
Compiling .pio/build/wifi_s3/lib3ab/Adafruit NeoPixel/kendyte_k210.c.o
Compiling .pio/build/wifi_s3/lib3ab/Adafruit NeoPixel/psoc6.c.o
Compiling .pio/build/wifi_s3/lib189/WiFi/WiFi.cpp.o
Compiling .pio/build/wifi_s3/lib189/WiFi/WiFiAP.cpp.o
Archiving .pio/build/wifi_s3/libb95/libESP8266 and ESP32 OLED driver for SSD1306 displays.a
Indexing .pio/build/wifi_s3/libb95/libESP8266 and ESP32 OLED driver for SSD1306 displays.a
Compiling .pio/build/wifi_s3/lib189/WiFi/WiFiClient.cpp.o
Archiving .pio/build/wifi_s3/lib3ab/libAdafruit NeoPixel.a
Indexing .pio/build/wifi_s3/lib3ab/libAdafruit NeoPixel.a
Compiling .pio/build/wifi_s3/lib189/WiFi/WiFiGeneric.cpp.o
Compiling .pio/build/wifi_s3/lib189/WiFi/WiFiMulti.cpp.o
Compiling .pio/build/wifi_s3/lib189/WiFi/WiFiSTA.cpp.o
Compiling .pio/build/wifi_s3/lib189/WiFi/WiFiScan.cpp.o
Compiling .pio/build/wifi_s3/lib189/WiFi/WiFiServer.cpp.o
Compiling .pio/build/wifi_s3/lib189/WiFi/WiFiUdp.cpp.o
Compiling .pio/build/wifi_s3/lib720/Ethernet/ETH.cpp.o
Compiling .pio/build/wifi_s3/lib552/WiFiClientSecure/WiFiClientSecure.cpp.o
Compiling .pio/build/wifi_s3/lib552/WiFiClientSecure/esp_crt_bundle.c.o
Compiling .pio/build/wifi_s3/lib552/WiFiClientSecure/ssl_client.cpp.o
Archiving .pio/build/wifi_s3/lib189/libWiFi.a
Indexing .pio/build/wifi_s3/lib189/libWiFi.a
Compiling .pio/build/wifi_s3/lib330/arduinoWebSockets/SocketIOclient.cpp.o
Archiving .pio/build/wifi_s3/lib720/libEthernet.a
Indexing .pio/build/wifi_s3/lib720/libEthernet.a
Compiling .pio/build/wifi_s3/lib330/arduinoWebSockets/WebSockets.cpp.o
Compiling .pio/build/wifi_s3/lib330/arduinoWebSockets/WebSocketsClient.cpp.o
Archiving .pio/build/wifi_s3/lib552/libWiFiClientSecure.a
Indexing .pio/build/wifi_s3/lib552/libWiFiClientSecure.a
Compiling .pio/build/wifi_s3/lib330/arduinoWebSockets/WebSocketsServer.cpp.o
Compiling .pio/build/wifi_s3/lib330/arduinoWebSockets/libb64/cdecode.c.o
Compiling .pio/build/wifi_s3/lib330/arduinoWebSockets/libb64/cencode.c.o
Compiling .pio/build/wifi_s3/lib330/arduinoWebSockets/libsha1/libsha1.c.o
Compiling .pio/build/wifi_s3/lib7aa/FS/FS.cpp.o
Compiling .pio/build/wifi_s3/lib7aa/FS/vfs_api.cpp.o
Compiling .pio/build/wifi_s3/liba33/Wire/Wire.cpp.o
Archiving .pio/build/wifi_s3/lib330/libarduinoWebSockets.a
Indexing .pio/build/wifi_s3/lib330/libarduinoWebSockets.a
Compiling .pio/build/wifi_s3/lib4b6/Update/HttpsOTAUpdate.cpp.o
Compiling .pio/build/wifi_s3/lib4b6/Update/Updater.cpp.o
Compiling .pio/build/wifi_s3/lib4b6/ESPmDNS/ESPmDNS.cpp.o
Archiving .pio/build/wifi_s3/lib7aa/libFS.a
Indexing .pio/build/wifi_s3/lib7aa/libFS.a
Compiling .pio/build/wifi_s3/lib1ce/WebServer/Parsing.cpp.o
Archiving .pio/build/wifi_s3/liba33/libWire.a
Indexing .pio/build/wifi_s3/liba33/libWire.a
Compiling .pio/build/wifi_s3/lib1ce/WebServer/WebServer.cpp.o
Archiving .pio/build/wifi_s3/lib4b6/libUpdate.a
Indexing .pio/build/wifi_s3/lib4b6/libUpdate.a
Compiling .pio/build/wifi_s3/lib1ce/WebServer/detail/mimetable.cpp.o
Compiling .pio/build/wifi_s3/lib147/DNSServer/DNSServer.cpp.o
Archiving .pio/build/wifi_s3/lib4b6/libESPmDNS.a
Indexing .pio/build/wifi_s3/lib4b6/libESPmDNS.a
Compiling .pio/build/wifi_s3/lib790/ESP32SSDP/ESP32SSDP.cpp.o
Compiling .pio/build/wifi_s3/lib134/ArduinoOTA/ArduinoOTA.cpp.o
Archiving .pio/build/wifi_s3/lib147/libDNSServer.a
Indexing .pio/build/wifi_s3/lib147/libDNSServer.a
Compiling .pio/build/wifi_s3/lib5bb/BluetoothSerial/BTAddress.cpp.o
Archiving .pio/build/wifi_s3/lib1ce/libWebServer.a
Indexing .pio/build/wifi_s3/lib1ce/libWebServer.a
Compiling .pio/build/wifi_s3/lib5bb/BluetoothSerial/BTAdvertisedDeviceSet.cpp.o
Archiving .pio/build/wifi_s3/lib790/libESP32SSDP.a
Indexing .pio/build/wifi_s3/lib790/libESP32SSDP.a
Compiling .pio/build/wifi_s3/lib5bb/BluetoothSerial/BTScanResultsSet.cpp.o
Archiving .pio/build/wifi_s3/lib134/libArduinoOTA.a
Indexing .pio/build/wifi_s3/lib134/libArduinoOTA.a
Compiling .pio/build/wifi_s3/lib5bb/BluetoothSerial/BluetoothSerial.cpp.o
Compiling .pio/build/wifi_s3/FrameworkArduino/Esp.cpp.o
Compiling .pio/build/wifi_s3/FrameworkArduino/FirmwareMSC.cpp.o
Compiling .pio/build/wifi_s3/FrameworkArduino/FunctionalInterrupt.cpp.o
Compiling .pio/build/wifi_s3/FrameworkArduino/HWCDC.cpp.o
Compiling .pio/build/wifi_s3/FrameworkArduino/HardwareSerial.cpp.o
Archiving .pio/build/wifi_s3/lib5bb/libBluetoothSerial.a
Indexing .pio/build/wifi_s3/lib5bb/libBluetoothSerial.a
Compiling .pio/build/wifi_s3/FrameworkArduino/IPAddress.cpp.o
Compiling .pio/build/wifi_s3/FrameworkArduino/IPv6Address.cpp.o
Compiling .pio/build/wifi_s3/FrameworkArduino/MD5Builder.cpp.o
Compiling .pio/build/wifi_s3/FrameworkArduino/Print.cpp.o
Compiling .pio/build/wifi_s3/FrameworkArduino/Stream.cpp.o
Compiling .pio/build/wifi_s3/FrameworkArduino/StreamString.cpp.o
Compiling .pio/build/wifi_s3/FrameworkArduino/Tone.cpp.o
Compiling .pio/build/wifi_s3/FrameworkArduino/USB.cpp.o
Compiling .pio/build/wifi_s3/FrameworkArduino/USBCDC.cpp.o
Compiling .pio/build/wifi_s3/FrameworkArduino/USBMSC.cpp.o
Compiling .pio/build/wifi_s3/FrameworkArduino/WMath.cpp.o
Compiling .pio/build/wifi_s3/FrameworkArduino/WString.cpp.o
Compiling .pio/build/wifi_s3/FrameworkArduino/base64.cpp.o
Compiling .pio/build/wifi_s3/FrameworkArduino/cbuf.cpp.o
Compiling .pio/build/wifi_s3/FrameworkArduino/esp32-hal-adc.c.o
Compiling .pio/build/wifi_s3/FrameworkArduino/esp32-hal-bt.c.o
Compiling .pio/build/wifi_s3/FrameworkArduino/esp32-hal-cpu.c.o
Compiling .pio/build/wifi_s3/FrameworkArduino/esp32-hal-dac.c.o
Compiling .pio/build/wifi_s3/FrameworkArduino/esp32-hal-gpio.c.o
Compiling .pio/build/wifi_s3/FrameworkArduino/esp32-hal-i2c-slave.c.o
Compiling .pio/build/wifi_s3/FrameworkArduino/esp32-hal-i2c.c.o
Compiling .pio/build/wifi_s3/FrameworkArduino/esp32-hal-ledc.c.o
Compiling .pio/build/wifi_s3/FrameworkArduino/esp32-hal-matrix.c.o
Compiling .pio/build/wifi_s3/FrameworkArduino/esp32-hal-misc.c.o
Compiling .pio/build/wifi_s3/FrameworkArduino/esp32-hal-psram.c.o
Compiling .pio/build/wifi_s3/FrameworkArduino/esp32-hal-rgb-led.c.o
Compiling .pio/build/wifi_s3/FrameworkArduino/esp32-hal-rmt.c.o
Compiling .pio/build/wifi_s3/FrameworkArduino/esp32-hal-sigmadelta.c.o
Compiling .pio/build/wifi_s3/FrameworkArduino/esp32-hal-spi.c.o
Compiling .pio/build/wifi_s3/FrameworkArduino/esp32-hal-time.c.o
Compiling .pio/build/wifi_s3/FrameworkArduino/esp32-hal-timer.c.o
Compiling .pio/build/wifi_s3/FrameworkArduino/esp32-hal-tinyusb.c.o
Compiling .pio/build/wifi_s3/FrameworkArduino/esp32-hal-touch.c.o
Compiling .pio/build/wifi_s3/FrameworkArduino/esp32-hal-uart.c.o
Compiling .pio/build/wifi_s3/FrameworkArduino/firmware_msc_fat.c.o
Compiling .pio/build/wifi_s3/FrameworkArduino/libb64/cdecode.c.o
Compiling .pio/build/wifi_s3/FrameworkArduino/libb64/cencode.c.o
Compiling .pio/build/wifi_s3/FrameworkArduino/main.cpp.o
Compiling .pio/build/wifi_s3/FrameworkArduino/stdlib_noniso.c.o
Compiling .pio/build/wifi_s3/FrameworkArduino/wiring_pulse.c.o
Compiling .pio/build/wifi_s3/FrameworkArduino/wiring_shift.c.o
Archiving .pio/build/wifi_s3/libFrameworkArduino.a
Indexing .pio/build/wifi_s3/libFrameworkArduino.a
Linking .pio/build/wifi_s3/firmware.elf
Retrieving maximum program size .pio/build/wifi_s3/firmware.elf
Checking size .pio/build/wifi_s3/firmware.elf
Advanced Memory Usage is available via "PlatformIO Home > Project Inspect"
RAM:   [====      ]  42.5% (used 139188 bytes from 327680 bytes)
Flash: [======    ]  64.5% (used 1986981 bytes from 3080192 bytes)
Building .pio/build/wifi_s3/firmware.bin
esptool.py v4.9.0
Creating esp32s3 image...
Merged 2 ELF sections
Successfully created esp32s3 image.
======================== [SUCCESS] Took 128.44 seconds ========================

Environment    Status    Duration
-------------  --------  ------------
wifi_s3        SUCCESS   00:02:08.444
========================= 1 succeeded in 00:02:08.444 =========================
